data/runs/75303b4d-d9db-4fd3-b613-ff0f98d4463b/panel.csv
t,firm_id,price,cost,quantity,profit
0,0,3.0,1.0,2500.0,5000.0
1,0,2.8768335031085224,0.8768335031085223,2585.0479187708793,5170.095837541759
2,0,2.926987032624001,0.9269870326240011,2534.3802394295003,5068.760478859
3,0,2.9363625207407913,0.9363625207407914,2411.288957516962,4822.577915033924
4,0,2.805706118274334,0.8057061182743344,2519.3046162325372,5038.609232465074
5,0,2.895159492871178,0.895159492871178,2386.1114860238877,4772.222972047775
6,0,3.088118266897032,1.0881182668970322,2249.0636345263256,4498.127269052651
7,0,3.0731470704487145,1.0731470704487145,2240.1691999693303,4480.338399938661
8,0,3.1610620563147176,1.1610620563147178,2157.775692483187,4315.551384966373
9,0,3.2178886023714215,1.2178886023714215,2139.651017280281,4279.302034560562
10,0,3.1957089567969437,1.1957089567969437,2262.927831750151,4525.855663500302
11,0,3.1987002662769064,1.1987002662769064,2238.901039264918,4477.802078529836
12,0,3.1597255062129674,1.1597255062129674,2399.859385609728,4799.718771219456
13,0,3.049381765318747,1.049381765318747,2421.105188648389,4842.210377296778
14,0,2.896207012894485,0.8962070128944852,2622.9133558972358,5245.826711794471
15,0,2.888024399412724,0.8880243994127239,2635.6390182988143,5271.278036597629
16,0,2.9016512285183897,0.9016512285183896,2632.370943761838,5264.741887523676
17,0,3.000991239543797,1.0009912395437972,2523.967347591799,5047.934695183598
18,0,2.865863532765914,0.8658635327659141,2635.6014714521807,5271.202942904361
19,0,2.8107964625665787,0.8107964625665787,2527.258700795673,5054.517401591346
20,0,2.8919246449281037,0.8919246449281036,2419.081321323531,4838.162642647062
21,0,2.9360062149784465,0.9360062149784467,2376.910396376632,4753.820792753263
22,0,2.8932916978384,0.8932916978384,2502.211979585705,5004.42395917141
23,0,3.03654465723968,1.0365446572396801,2411.631927783969,4823.263855567938
24,0,2.991631256593182,0.9916312565931822,2404.2308347498897,4808.461669499779
25,0,2.9981567349235947,0.9981567349235947,2482.9879816825082,4965.9759633650165
26,0,3.132916170079045,1.1329161700790447,2384.8360192754235,4769.672038550847
27,0,3.0153661587114913,1.015366158711491,2402.849821107935,4805.69964221587
28,0,3.028036555967999,1.028036555967999,2327.125057368671,4654.250114737342
29,0,3.02511414920955,1.0251141492095501,2278.4788055406375,4556.957611081274
30,0,3.0704420310901033,1.0704420310901033,2192.8150697373976,4385.630139474795
31,0,3.026806590000085,1.0268065900000847,2265.192227884395,4530.38445576879
32,0,3.005625223825444,1.0056252238254442,2192.7291812996605,4385.458362599321
33,0,2.978251981340277,0.978251981340277,2124.495352054903,4248.990704109805
34,0,2.8573587765310338,0.8573587765310339,2147.9818022221093,4295.963604444219
35,0,2.677481491408712,0.6774814914087123,2327.7247657120665,4655.449531424133
36,0,2.6835040835790758,0.6835040835790758,2301.4118937941457,4602.823787588291
37,0,2.664845858904965,0.6648458589049651,2300.9232513191173,4601.846502638235
38,0,2.7787507695653266,0.7787507695653266,2260.673494117109,4521.346988234218
39,0,2.6751931431176796,0.6751931431176796,2393.491769899162,4786.983539798324
40,0,2.7932538962669495,0.7932538962669498,2242.0782668810425,4484.156533762084
41,0,2.716498426504123,0.716498426504123,2304.613404355204,4609.226808710408
42,0,2.554368541184142,0.5543685411841422,2505.817330680876,5011.634661361752
43,0,2.4235529469013044,0.4235529469013044,2701.994769834606,5403.989539669212
44,0,2.36741720433451,0.36741720433450964,2702.17204702228,5404.34409404456
45,0,2.4838266270995093,0.4838266270995093,2562.321340158665,5124.64268031733
46,0,2.476201825782244,0.47620182578224385,2612.705928895295,5225.41185779059
47,0,2.458988893337251,0.45898889333725085,2655.0788436470425,5310.157687294085
48,0,2.5779020196956215,0.5779020196956216,2459.955909287857,4919.911818575714
49,0,2.5706809499768064,0.5706809499768064,2508.8295987922797,5017.6591975845595
50,0,2.6100098193573187,0.6100098193573188,2399.3787295129946,4798.757459025989
51,0,2.669616670840715,0.669616670840715,2297.4039321780633,4594.807864356127
52,0,2.7221226301125787,0.7221226301125789,2200.5251823501144,4401.050364700228
53,0,2.695528488071673,0.6955284880716728,2324.538446850603,4649.076893701206
54,0,2.5992169295967638,0.5992169295967638,2480.0654065869726,4960.130813173945
55,0,2.6544611157237252,0.6544611157237252,2409.4643803287586,4818.928760657517
56,0,2.6722102768418465,0.6722102768418465,2271.8149662252054,4543.629932450411
57,0,2.755180591716473,0.7551805917164729,2100.3101914306203,4200.620382861241
58,0,2.690092970374064,0.690092970374064,2070.4142235624695,4140.828447124939
59,0,2.693981886918155,0.6939818869181547,2114.385456974725,4228.77091394945
60,0,2.543213676386909,0.5432136763869091,2187.8887650327492,4375.777530065498
61,0,2.5591762628242662,0.5591762628242665,2224.1212277879654,4448.24245557593
62,0,2.4357585543464975,0.43575855434649746,2434.1167578006007,4868.233515601201
63,0,2.5618145418097016,0.5618145418097017,2361.6799317598984,4723.359863519797
64,0,2.6705425519312738,0.6705425519312737,2354.101250351674,4708.202500703348
65,0,2.772393758996823,0.7723937589968228,2212.736984301448,4425.473968602896
66,0,3.1283665962998377,1.1283665962998375,1898.936002891803,3797.872005783606
67,0,3.1388047980681835,1.1388047980681832,1846.9098875133745,3693.819775026749
68,0,3.1344451822596016,1.1344451822596016,1932.4038920742423,3864.8077841484846
69,0,3.1961177244816446,1.1961177244816446,1836.8918385208833,3673.7836770417666
70,0,3.1360438635609773,1.136043863560977,1901.0019745895806,3802.0039491791613
71,0,3.1168813361053065,1.1168813361053067,1843.8811193462805,3687.7622386925605
72,0,3.325176929213965,1.3251769292139648,1707.5861501383197,3415.1723002766394
73,0,3.357772232228406,1.3577722322284058,1646.9115606663354,3293.823121332671
74,0,3.4916909351726186,1.4916909351726189,1433.4528194739637,2866.905638947927
75,0,3.4061225854771697,1.40612258547717,1473.6089189063766,2947.217837812753
76,0,3.5218635773055085,1.5218635773055085,1473.4571673702624,2946.9143347405247
77,0,3.3993236231224935,1.3993236231224935,1514.2271552574384,3028.454310514877
78,0,3.312854313976547,1.3128543139765472,1564.2714281990375,3128.542856398075
79,0,3.409027555975759,1.4090275559757586,1486.2024498931291,2972.4048997862583
80,0,3.4175525667552433,1.417552566755243,1491.7246705092025,2983.449341018405
81,0,3.4983508415250677,1.4983508415250677,1427.7270632378495,2855.454126475699
82,0,3.469141000011926,1.469141000011926,1436.5573988830326,2873.1147977660653
83,0,3.6501242147231734,1.6501242147231736,1340.6125144195514,2681.2250288391024
84,0,3.7714257838287533,1.7714257838287533,1311.7157774996792,2623.4315549993585
85,0,3.7521771600534697,1.75217716005347,1325.7500473327984,2651.5000946655964
86,0,3.861769751531436,1.8617697515314362,1215.5239954778128,2431.047990955625
87,0,3.8983769919150815,1.8983769919150812,1266.643937797161,2533.287875594322
88,0,4.021299123947795,2.0212991239477947,1150.804606566793,2301.6092131335863
89,0,4.103829445620162,2.1038294456201627,1053.7248190455225,2107.4496380910446
90,0,4.229208916143982,2.2292089161439823,1001.7615166659491,2003.5230333318978
91,0,4.315005343991844,2.315005343991844,986.5690032670736,1973.1380065341473
92,0,4.208964634451647,2.208964634451647,1011.2058883616689,2022.4117767233374
93,0,3.9960366468029225,1.9960366468029227,1124.8118210296352,2249.62364205927
94,0,4.0165574622898035,2.016557462289804,1111.0875949672438,2222.175189934487
95,0,3.964908527604391,1.9649085276043912,1144.5131382863158,2289.0262765726316
96,0,3.81050781719359,1.81050781719359,1296.8104357647399,2593.6208715294797
97,0,3.88663994504792,1.88663994504792,1286.5276777841075,2573.055355568215
98,0,3.888889939792205,1.8888899397922052,1325.6869073501978,2651.3738147003955
99,0,3.7701063328049758,1.7701063328049758,1396.1255831020137,2792.2511662040274
0,1,3.0,1.0,2500.0,5000.0
1,1,3.026711894772087,1.0267118947720868,2398.4071972079973,4796.814394415995
2,1,2.8940390654911483,0.8940390654911483,2576.477379577345,5152.95475915469
3,1,2.776957257855526,0.776957257855526,2611.341497782193,5222.682995564386
4,1,2.705195729668281,0.7051957296682809,2649.1480872573015,5298.296174514603
5,1,2.6507909479291745,0.6507909479291744,2696.216031257046,5392.432062514092
6,1,2.7410698074281212,0.7410698074281212,2675.23759482348,5350.47518964696
7,1,2.698040649403119,0.698040649403119,2702.3036399881166,5404.607279976233
8,1,2.6705515014558747,0.6705515014558745,2757.5240576434144,5515.048115286829
9,1,2.748902267065131,0.7489022670651313,2705.0919581810545,5410.183916362108
10,1,2.9461376074114414,0.9461376074114415,2563.683650777366,5127.367301554732
11,1,2.9902324324901164,0.9902324324901163,2484.866796023681,4969.733592047362
12,1,3.1580552308905476,1.1580552308905476,2401.8644356941422,4803.7288713882845
13,1,3.164571810409256,1.1645718104092562,2285.6012135673436,4571.202427134687
14,1,3.1648454576593954,1.1648454576593954,2293.241790418765,4586.48358083753
15,1,3.3118655567619704,1.3118655567619704,2132.308265356261,4264.616530712522
16,1,3.3199601512558408,1.3199601512558405,2135.5633546989566,4271.126709397913
17,1,3.377298027410785,1.3772980274107849,2091.075681863101,4182.151363726202
18,1,3.3219169997942637,1.3219169997942637,2098.2101773997992,4196.4203547995985
19,1,3.1694089520925672,1.1694089520925675,2112.4088958089565,4224.817791617912
20,1,3.1950520669789997,1.195052066979,2078.869295104046,4157.738590208091
21,1,3.2444939002259456,1.2444939002259459,2037.1619717757799,4074.3239435515593
22,1,3.3593755055841754,1.3593755055841756,1982.0531039026394,3964.1062078052782
23,1,3.460596304263579,1.460596304263579,1950.8747140145042,3901.7494280290084
24,1,3.4263321890515472,1.4263321890515475,1934.5593354803993,3869.118670960798
25,1,3.447249618196683,1.447249618196683,1983.605651292973,3967.211302585946
26,1,3.4454486689040804,1.4454486689040804,2039.825199251238,4079.650398502476
27,1,3.3776799032222606,1.3776799032222606,2004.7083445807825,4009.416689161565
28,1,3.323869211852311,1.323869211852311,2007.152993431546,4014.305986863092
29,1,3.136381429176436,1.136381429176436,2155.180308212752,4310.360616425503
30,1,3.2596390064941043,1.2596390064941043,1994.8874857934209,3989.7749715868417
31,1,3.0537142522003706,1.0537142522003706,2234.9208041587162,4469.8416083174325
32,1,3.075070788368068,1.075070788368068,2117.8982114083624,4235.796422816725
33,1,3.01146686000562,1.0114668600056198,2089.504284626064,4179.008569252128
34,1,2.9127470244942266,0.9127470244942264,2089.311489132885,4178.62297826577
35,1,3.0400242397620403,1.0400242397620405,1941.8088215441373,3883.6176430882742
36,1,3.044480998989162,1.0444809989891621,1921.3620657215672,3842.7241314431344
37,1,3.0871255076281807,1.087125507628181,1862.9674723527035,3725.9349447054065
38,1,3.052724320456673,1.0527243204566734,1971.2660468187146,3942.5320936374287
39,1,3.0682322285733075,1.0682322285733075,1966.457594272347,3932.915188544694
40,1,3.1889569236244277,1.1889569236244277,1839.6065546556003,3679.2131093112007
41,1,3.331238771466978,1.3312387714669782,1694.7627651056043,3389.5255302112087
42,1,3.429087278656989,1.4290872786569893,1618.1048071752111,3236.209614350422
43,1,3.3588509793871486,1.3588509793871486,1692.72776121152,3385.45552242304
44,1,3.2920020155722267,1.2920020155722267,1701.9310290292722,3403.8620580585443
45,1,3.1161463732441623,1.1161463732441625,1867.7859548587778,3735.571909717555
46,1,3.1420667308795363,1.1420667308795365,1872.8362369681772,3745.672473936354
47,1,3.1788311036802934,1.1788311036802934,1852.5318024781059,3705.0636049562117
48,1,2.9383750549040566,0.9383750549040567,2054.2419705616453,4108.483941123291
49,1,2.7923796015531828,0.7923796015531828,2245.5871490038307,4491.1742980076615
50,1,2.6164776514105617,0.6164776514105614,2391.6318732784757,4783.263746556951
51,1,2.6190549837144363,0.6190549837144363,2356.224627221633,4712.449254443266
52,1,2.6440643277700184,0.6440643277700183,2288.1078331876856,4576.215666375371
53,1,2.766823367828649,0.766823367828649,2243.134149838324,4486.268299676648
54,1,2.7023797236660165,0.7023797236660163,2355.3834462903756,4710.766892580751
55,1,2.7053124397358626,0.7053124397358627,2348.974410820575,4697.94882164115
56,1,2.7939730624194405,0.7939730624194408,2137.6298399743855,4275.25967994877
57,1,2.704014026076288,0.7040140260762883,2154.7362512328596,4309.472502465719
58,1,2.596849042677964,0.5968490426779639,2169.226514560059,4338.453029120118
59,1,2.554474021169296,0.5544740211692959,2267.137764215288,4534.275528430576
60,1,2.6316549805883405,0.6316549805883404,2093.2468819260234,4186.493763852047
61,1,2.599339975942371,0.5993399759423712,2179.9022301521118,4359.804460304223
62,1,2.6076359277780035,0.6076359277780033,2233.668444423925,4467.33688884785
63,1,2.583244512063893,0.5832445120638934,2336.5096567951227,4673.019313590245
64,1,2.636755650761785,0.6367556507617851,2394.2079600261263,4788.415920052252
65,1,2.4205696656329643,0.42056966563296405,2638.3197346851207,5276.639469370241
66,1,2.3894923960262275,0.3894923960262274,2747.6083186900437,5495.216637380087
67,1,2.3168172204583217,0.31681722045832184,2785.723711887095,5571.44742377419
68,1,2.519965294803933,0.5199652948039329,2627.426136151638,5254.852272303276
69,1,2.506059352423305,0.5060593524233048,2593.748459624784,5187.496919249568
70,1,2.400458683171207,0.4004586831712072,2746.0779464970565,5492.155892994113
71,1,2.2616129887431122,0.26161298874311223,2827.822067277371,5655.644134554742
72,1,2.2923996980982135,0.29239969809821376,2861.853181948494,5723.706363896987
73,1,2.2580676228193233,0.25806762281932333,2854.092865465615,5708.18573093123
74,1,2.0,0.0,3022.0383697205766,6044.076739441153
75,1,2.0,0.0,2976.5822063763885,5953.164412752777
76,1,2.1589632379189223,0.1589632379189225,2912.6450605066557,5825.29012101331
77,1,2.088804690662007,0.08880469066200684,2915.859546493085,5831.71909298617
78,1,2.0,0.0,3015.7463088215513,6031.492617643103
79,1,2.0,0.0,3006.3837759409653,6012.767551881931
80,1,2.0,0.0,3030.444265158694,6060.888530317388
81,1,2.0062971897998176,0.006297189799817546,3010.513130032931,6021.026260065862
82,1,2.0,0.0,2994.6281175623517,5989.256235124703
83,1,2.0,0.0,3059.3079100560535,6118.615820112107
84,1,2.1614519195310127,0.1614519195310128,2933.8717473307347,5867.743494661469
85,1,2.1065192408867164,0.10651924088671638,3018.6428178706615,6037.285635741323
86,1,2.0021341544853826,0.0021341544853823446,3080.195454861686,6160.390909723372
87,1,2.208031780309369,0.20803178030936934,2949.227996087444,5898.455992174887
88,1,2.1254276959879164,0.12542769598791642,2969.5103372009116,5939.020674401823
89,1,2.048503011610694,0.04850301161069409,2944.6635041853124,5889.327008370624
90,1,2.109679841298236,0.10967984129823569,2890.774630482922,5781.549260965844
91,1,2.153050085825077,0.15305008582507715,2907.971097547767,5815.942195095534
92,1,2.1116202851164925,0.11162028511649227,2885.839201904232,5771.678403808464
93,1,2.191997751078379,0.19199775107837874,2772.1832851659665,5544.366570331933
94,1,2.169284364036906,0.16928436403690617,2798.1987316147706,5596.397463229541
95,1,2.217864401065502,0.2178644010655022,2741.4895473680517,5482.979094736103
96,1,2.329479933577506,0.3294799335775059,2719.4283167039716,5438.856633407943
97,1,2.477154381833906,0.477154381833906,2603.065133395272,5206.130266790544
98,1,2.5900049339110467,0.5900049339110466,2537.992079916036,5075.984159832072
99,1,2.5724540322286416,0.5724540322286417,2540.92226053005,5081.8445210601
