data/runs/75303b4d-d9db-4fd3-b613-ff0f98d4463b/panel.csv
t,firm_id,price,cost,quantity,profit
0,2,3.0,1.0,2500.0,5000.0
1,2,2.9993073876436354,0.9993073876436354,2431.4969652502446,4862.993930500489
2,2,3.110084204309386,1.110084204309386,2312.665001415811,4625.330002831622
3,2,2.9742601648133755,0.9742601648133755,2366.028046918652,4732.056093837304
4,2,3.0928223006063087,1.0928223006063087,2182.39920925286,4364.79841850572
5,2,3.038163508208128,1.038163508208128,2221.4564514620206,4442.912902924041
6,2,2.9578244502476636,0.9578244502476635,2400.461175826715,4800.92235165343
7,2,2.9729785960010195,0.9729785960010195,2355.2235200544355,4710.447040108871
8,2,3.0099066986995777,1.0099066986995777,2327.1761922299843,4654.352384459969
9,2,2.946863289146508,0.9468632891465083,2450.1650663576092,4900.330132715218
10,2,2.9282664830253236,0.9282664830253233,2586.6942587362414,5173.388517472483
11,2,2.870540427789189,0.870540427789189,2638.1160823557,5276.2321647114
12,2,3.000186026887547,1.000186026887547,2599.1380893480646,5198.276178696129
13,2,2.871243056508468,0.8712430565084677,2646.646798892133,5293.293597784266
14,2,3.0236984768662367,1.0236984768662365,2460.9314977867643,4921.862995573529
15,2,2.918013436078742,0.9180134360787423,2596.413698046111,5192.827396092222
16,2,2.926633033181755,0.9266330331817549,2599.694757777367,5199.389515554734
17,2,2.8717309763882817,0.8717309763882818,2692.4784852725497,5384.9569705450995
18,2,2.8696724305398633,0.8696724305398632,2630.586879695839,5261.173759391678
19,2,2.693309241925027,0.6933092419250266,2680.166201697685,5360.33240339537
20,2,2.6347534276030853,0.6347534276030851,2751.024691786212,5502.049383572424
21,2,2.6134025349056986,0.6134025349056987,2792.9638159237948,5585.9276318475895
22,2,2.6987265208177647,0.6987265208177647,2757.8674582558283,5515.734916511657
23,2,2.724567298593646,0.7245672985936461,2818.7466791007637,5637.493358201527
24,2,2.6651104436280573,0.665110443628057,2830.6049148848556,5661.209829769711
25,2,2.781769217656578,0.781769217656578,2766.703183512259,5533.406367024517
26,2,2.820765098156173,0.8207650981561733,2787.669390736669,5575.338781473338
27,2,2.7121394092614497,0.7121394092614497,2796.2209171556406,5592.441834311281
28,2,2.6347295133269792,0.634729513326979,2832.8609745998915,5665.721949199783
29,2,2.6249487585895377,0.6249487585895376,2783.170443123305,5566.34088624661
30,2,2.5071568248339253,0.5071568248339254,2906.148722234591,5812.297444469182
31,2,2.6389651179405673,0.6389651179405675,2749.9434839784444,5499.886967956888
32,2,2.4850135644462776,0.48501356444627786,2844.6863036459886,5689.372607291976
33,2,2.360732389341287,0.36073238934128704,2893.0001816595163,5786.000363319032
34,2,2.269895988889555,0.2698959888895552,2881.353354322502,5762.706708645004
35,2,2.261964591117076,0.26196459111707593,2865.2332063718977,5730.466412743795
36,2,2.228996760240114,0.22899676024011387,2888.613020242143,5777.226040484286
37,2,2.189632422018724,0.1896324220187239,2918.0546381640893,5836.109276328179
38,2,2.2916989174866256,0.2916989174866257,2884.030229532088,5768.060459064176
39,2,2.34720799997703,0.34720799997703,2820.0253179142455,5640.050635828491
40,2,2.2382511039584854,0.23825110395848545,2959.1575892316787,5918.315178463357
41,2,2.1888918003215965,0.18889180032159666,3000.3119152695963,6000.623830539192
42,2,2.236113806169739,0.2361138061697388,2938.038931071957,5876.077862143914
43,2,2.350410797511564,0.35041079751156406,2802.6387344769373,5605.277468953875
44,2,2.2977561143052343,0.29775611430523424,2797.948461974224,5595.896923948448
45,2,2.3171966489911,0.3171966489910998,2784.946352491279,5569.892704982558
46,2,2.368522383440503,0.3685223834405027,2757.2289170682634,5514.457834136527
47,2,2.3915051952888375,0.39150519528883765,2746.194676937426,5492.389353874852
48,2,2.360156590483476,0.3601565904834757,2742.901060075249,5485.802120150498
49,2,2.4818351348214773,0.4818351348214774,2622.7916261019445,5245.583252203889
50,2,2.445952136186583,0.4459521361865828,2604.494698604265,5208.98939720853
51,2,2.36663436177009,0.3666343617700897,2673.185720300152,5346.371440600304
52,2,2.2721837255850192,0.2721837255850193,2755.6834922311,5511.3669844622
53,2,2.384130529870381,0.38413052987038104,2716.1637016555364,5432.327403311073
54,2,2.5184447655989874,0.5184447655989874,2582.2755735613255,5164.551147122651
55,2,2.4863256356387713,0.48632563563877146,2620.7806044253334,5241.561208850666
56,2,2.2575055485209323,0.2575055485209323,2795.277596900204,5590.555193800408
57,2,2.1290013863820514,0.12900138638205136,2872.4767786682605,5744.953557336521
58,2,2.0298850327800566,0.02988503278005658,2880.1796309387355,5760.359261877471
59,2,2.1256834776947486,0.12568347769474852,2809.238389404994,5618.476778809988
60,2,2.0078416347366757,0.007841634736675873,2859.4321765206137,5718.864353041226
61,2,2.10009866177994,0.10009866177994031,2797.988271029961,5595.976542059922
62,2,2.25368746900871,0.2536874690087097,2666.107398887737,5332.214797775474
63,2,2.330758606926987,0.3307586069269872,2650.90520572249,5301.81041144498
64,2,2.45205479312337,0.4520547931233699,2625.845394811099,5251.690789622198
65,2,2.5197918721753085,0.5197918721753083,2510.62354632831,5021.24709265662
66,2,2.495438249257339,0.49543824925733865,2605.84735972811,5211.69471945622
67,2,2.4689808262308524,0.4689808262308524,2581.642688712436,5163.285377424872
68,2,2.4506484686177026,0.4506484686177027,2720.0849858870597,5440.169971774119
69,2,2.3640017506821773,0.3640017506821772,2784.6798509271666,5569.359701854333
70,2,2.5045269122948235,0.5045269122948234,2606.8421324163064,5213.684264832613
71,2,2.5076654198447534,0.5076654198447536,2500.4747460989784,5000.949492197957
72,2,2.508532762217131,0.5085327622171307,2568.707485964693,5137.414971929386
73,2,2.4103071744388442,0.4103071744388444,2644.902708402434,5289.8054168048675
74,2,2.361385610986215,0.36138561098621474,2522.470441084883,5044.940882169766
75,2,2.2912302146343793,0.29123021463437904,2573.2266683408466,5146.453336681693
76,2,2.3096552202348812,0.30965522023488146,2701.252711616427,5402.505423232853
77,2,2.2769576060079073,0.2769576060079071,2654.0537517563916,5308.107503512783
78,2,2.4532303379821747,0.4532303379821746,2404.2359541578608,4808.4719083157215
79,2,2.3680706136792895,0.36807061367928956,2501.0299982249408,5002.0599964498815
80,2,2.427376776399073,0.4273767763990729,2447.3867991734096,4894.773598346819
81,2,2.3373540034044256,0.33735400340442545,2551.2466766962884,5102.493353392577
82,2,2.3025730925716035,0.30257309257160364,2574.1863659922624,5148.372731984524
83,2,2.371441754011051,0.3714417540110507,2540.7716654683413,5081.543330936683
84,2,2.240240623870498,0.2402406238704979,2820.540727838852,5641.081455677704
85,2,2.3768771543555545,0.37687715435555447,2636.9643169258793,5273.928633851759
86,2,2.322655663218181,0.32265566321818084,2624.085094798815,5248.17018959763
87,2,2.2871052842507105,0.2871052842507107,2834.9000700279503,5669.8001400559
88,2,2.1657955946029572,0.16579559460295734,2910.174719031384,5820.349438062768
89,2,2.010730381897531,0.010730381897531255,3000.805838384583,6001.611676769165
90,2,2.0,0.0,3053.7319264255643,6107.463852851129
91,2,2.055888815724113,0.05588881572411314,3052.7299495925795,6105.459899185159
92,2,2.0,0.0,3051.47745486705,6102.9549097341
93,2,2.0,0.0,3051.502446902199,6103.004893804398
94,2,2.0,0.0,3045.356836708993,6090.713673417986
95,2,2.0,0.0,3056.9986571728164,6113.997314345633
96,2,2.13851897296331,0.13851897296330978,2991.880623765644,5983.761247531288
97,2,2.1568412112646342,0.15684121126463424,3055.20359441031,6110.40718882062
98,2,2.2105950344387266,0.21059503443872662,3068.1605063668826,6136.321012733765
99,2,2.2194089410450166,0.21940894104501682,3031.4760781839677,6062.952156367935
